[2022-01-15T14:52:27.045-0300][gc,heap] Heap region size: 1M
[2022-01-15T14:52:27.057-0300][gc     ] Using G1
[2022-01-15T14:52:27.057-0300][gc,heap,coops] Heap address: 0x00000000c0000000, size: 1024 MB, Compressed Oops mode: 32-bit
[2022-01-15T14:52:27.058-0300][gc,cds       ] Mark closed archive regions in map: [0x00000000fff00000, 0x00000000fff6aff8]
[2022-01-15T14:52:27.058-0300][gc,cds       ] Mark open archive regions in map: [0x00000000ffe00000, 0x00000000ffe46ff8]
[2022-01-15T14:52:29.027-0300][gc,start     ] GC(0) Pause Young (Normal) (G1 Evacuation Pause)
[2022-01-15T14:52:29.030-0300][gc,task      ] GC(0) Using 4 workers of 4 for evacuation
[2022-01-15T14:52:29.056-0300][gc,mmu       ] GC(0) MMU target violated: 21,0ms (20,0ms/21,0ms)
[2022-01-15T14:52:29.056-0300][gc,phases    ] GC(0)   Pre Evacuate Collection Set: 0,5ms
[2022-01-15T14:52:29.056-0300][gc,phases    ] GC(0)   Evacuate Collection Set: 23,3ms
[2022-01-15T14:52:29.056-0300][gc,phases    ] GC(0)   Post Evacuate Collection Set: 1,3ms
[2022-01-15T14:52:29.056-0300][gc,phases    ] GC(0)   Other: 4,6ms
[2022-01-15T14:52:29.056-0300][gc,heap      ] GC(0) Eden regions: 51->0(44)
[2022-01-15T14:52:29.056-0300][gc,heap      ] GC(0) Survivor regions: 0->7(7)
[2022-01-15T14:52:29.056-0300][gc,heap      ] GC(0) Old regions: 2->2
[2022-01-15T14:52:29.056-0300][gc,heap      ] GC(0) Humongous regions: 0->0
[2022-01-15T14:52:29.056-0300][gc,metaspace ] GC(0) Metaspace: 15411K->15411K(1062912K)
[2022-01-15T14:52:29.056-0300][gc           ] GC(0) Pause Young (Normal) (G1 Evacuation Pause) 51M->7M(1024M) 29,801ms
[2022-01-15T14:52:29.056-0300][gc,cpu       ] GC(0) User=0,07s Sys=0,00s Real=0,03s
[2022-01-15T14:52:29.874-0300][gc,start     ] GC(1) Pause Young (Concurrent Start) (Metadata GC Threshold)
[2022-01-15T14:52:29.875-0300][gc,task      ] GC(1) Using 4 workers of 4 for evacuation
[2022-01-15T14:52:29.911-0300][gc,mmu       ] GC(1) MMU target violated: 21,0ms (20,0ms/21,0ms)
[2022-01-15T14:52:29.911-0300][gc,phases    ] GC(1)   Pre Evacuate Collection Set: 0,1ms
[2022-01-15T14:52:29.911-0300][gc,phases    ] GC(1)   Evacuate Collection Set: 35,3ms
[2022-01-15T14:52:29.911-0300][gc,phases    ] GC(1)   Post Evacuate Collection Set: 0,7ms
[2022-01-15T14:52:29.911-0300][gc,phases    ] GC(1)   Other: 0,7ms
[2022-01-15T14:52:29.911-0300][gc,heap      ] GC(1) Eden regions: 22->0(50)
[2022-01-15T14:52:29.911-0300][gc,heap      ] GC(1) Survivor regions: 7->1(7)
[2022-01-15T14:52:29.911-0300][gc,heap      ] GC(1) Old regions: 2->9
[2022-01-15T14:52:29.911-0300][gc,heap      ] GC(1) Humongous regions: 0->0
[2022-01-15T14:52:29.911-0300][gc,metaspace ] GC(1) Metaspace: 20504K->20504K(1067008K)
[2022-01-15T14:52:29.911-0300][gc           ] GC(1) Pause Young (Concurrent Start) (Metadata GC Threshold) 28M->8M(1024M) 36,882ms
[2022-01-15T14:52:29.911-0300][gc,cpu       ] GC(1) User=0,07s Sys=0,02s Real=0,03s
[2022-01-15T14:52:29.911-0300][gc           ] GC(2) Concurrent Cycle
[2022-01-15T14:52:29.911-0300][gc,marking   ] GC(2) Concurrent Clear Claimed Marks
[2022-01-15T14:52:29.912-0300][gc,marking   ] GC(2) Concurrent Clear Claimed Marks 0,064ms
[2022-01-15T14:52:29.912-0300][gc,marking   ] GC(2) Concurrent Scan Root Regions
[2022-01-15T14:52:29.913-0300][gc,marking   ] GC(2) Concurrent Scan Root Regions 1,901ms
[2022-01-15T14:52:29.913-0300][gc,marking   ] GC(2) Concurrent Mark (2,873s)
[2022-01-15T14:52:29.913-0300][gc,marking   ] GC(2) Concurrent Mark From Roots
[2022-01-15T14:52:29.913-0300][gc,task      ] GC(2) Using 1 workers of 1 for marking
[2022-01-15T14:52:29.974-0300][gc,marking   ] GC(2) Concurrent Mark From Roots 60,755ms
[2022-01-15T14:52:29.974-0300][gc,marking   ] GC(2) Concurrent Preclean
[2022-01-15T14:52:29.974-0300][gc,marking   ] GC(2) Concurrent Preclean 0,206ms
[2022-01-15T14:52:29.974-0300][gc,marking   ] GC(2) Concurrent Mark (2,873s, 2,934s) 61,033ms
[2022-01-15T14:52:29.986-0300][gc,start     ] GC(2) Pause Remark
[2022-01-15T14:52:29.990-0300][gc,stringtable] GC(2) Cleaned string and symbol table, strings: 5252 processed, 0 removed, symbols: 51294 processed, 61 removed
[2022-01-15T14:52:29.991-0300][gc            ] GC(2) Pause Remark 9M->9M(1024M) 4,802ms
[2022-01-15T14:52:29.991-0300][gc,cpu        ] GC(2) User=0,00s Sys=0,01s Real=0,01s
[2022-01-15T14:52:29.991-0300][gc,marking    ] GC(2) Concurrent Rebuild Remembered Sets
[2022-01-15T14:52:30.001-0300][gc,marking    ] GC(2) Concurrent Rebuild Remembered Sets 10,090ms
[2022-01-15T14:52:30.001-0300][gc,start      ] GC(2) Pause Cleanup
[2022-01-15T14:52:30.002-0300][gc            ] GC(2) Pause Cleanup 9M->9M(1024M) 0,436ms
[2022-01-15T14:52:30.002-0300][gc,cpu        ] GC(2) User=0,01s Sys=0,00s Real=0,00s
[2022-01-15T14:52:30.002-0300][gc,marking    ] GC(2) Concurrent Cleanup for Next Mark
[2022-01-15T14:52:30.014-0300][gc,marking    ] GC(2) Concurrent Cleanup for Next Mark 11,937ms
[2022-01-15T14:52:30.014-0300][gc            ] GC(2) Concurrent Cycle 102,325ms
[2022-01-15T14:52:31.282-0300][gc,start      ] GC(3) Pause Young (Normal) (G1 Evacuation Pause)
[2022-01-15T14:52:31.282-0300][gc,task       ] GC(3) Using 4 workers of 4 for evacuation
[2022-01-15T14:52:31.292-0300][gc,phases     ] GC(3)   Pre Evacuate Collection Set: 0,0ms
[2022-01-15T14:52:31.292-0300][gc,phases     ] GC(3)   Evacuate Collection Set: 8,4ms
[2022-01-15T14:52:31.292-0300][gc,phases     ] GC(3)   Post Evacuate Collection Set: 1,0ms
[2022-01-15T14:52:31.292-0300][gc,phases     ] GC(3)   Other: 0,2ms
[2022-01-15T14:52:31.292-0300][gc,heap       ] GC(3) Eden regions: 50->0(46)
[2022-01-15T14:52:31.292-0300][gc,heap       ] GC(3) Survivor regions: 1->5(7)
[2022-01-15T14:52:31.292-0300][gc,heap       ] GC(3) Old regions: 9->9
[2022-01-15T14:52:31.292-0300][gc,heap       ] GC(3) Humongous regions: 129->129
[2022-01-15T14:52:31.292-0300][gc,metaspace  ] GC(3) Metaspace: 29510K->29510K(1075200K)
[2022-01-15T14:52:31.292-0300][gc            ] GC(3) Pause Young (Normal) (G1 Evacuation Pause) 187M->140M(1024M) 9,819ms
[2022-01-15T14:52:31.292-0300][gc,cpu        ] GC(3) User=0,03s Sys=0,00s Real=0,01s
[2022-01-15T14:52:32.066-0300][gc,start      ] GC(4) Pause Young (Concurrent Start) (Metadata GC Threshold)
[2022-01-15T14:52:32.066-0300][gc,task       ] GC(4) Using 4 workers of 4 for evacuation
[2022-01-15T14:52:32.089-0300][gc,mmu        ] GC(4) MMU target violated: 21,0ms (20,0ms/21,0ms)
[2022-01-15T14:52:32.089-0300][gc,phases     ] GC(4)   Pre Evacuate Collection Set: 0,3ms
[2022-01-15T14:52:32.089-0300][gc,phases     ] GC(4)   Evacuate Collection Set: 19,8ms
[2022-01-15T14:52:32.089-0300][gc,phases     ] GC(4)   Post Evacuate Collection Set: 0,5ms
[2022-01-15T14:52:32.089-0300][gc,phases     ] GC(4)   Other: 2,9ms
[2022-01-15T14:52:32.089-0300][gc,heap       ] GC(4) Eden regions: 23->0(49)
[2022-01-15T14:52:32.089-0300][gc,heap       ] GC(4) Survivor regions: 5->2(7)
[2022-01-15T14:52:32.089-0300][gc,heap       ] GC(4) Old regions: 9->13
[2022-01-15T14:52:32.089-0300][gc,heap       ] GC(4) Humongous regions: 129->129
[2022-01-15T14:52:32.089-0300][gc,metaspace  ] GC(4) Metaspace: 34311K->34311K(1081344K)
[2022-01-15T14:52:32.089-0300][gc            ] GC(4) Pause Young (Concurrent Start) (Metadata GC Threshold) 163M->141M(1024M) 23,492ms
[2022-01-15T14:52:32.090-0300][gc,cpu        ] GC(4) User=0,04s Sys=0,01s Real=0,03s
[2022-01-15T14:52:32.090-0300][gc            ] GC(5) Concurrent Cycle
[2022-01-15T14:52:32.090-0300][gc,marking    ] GC(5) Concurrent Clear Claimed Marks
[2022-01-15T14:52:32.090-0300][gc,marking    ] GC(5) Concurrent Clear Claimed Marks 0,141ms
[2022-01-15T14:52:32.090-0300][gc,marking    ] GC(5) Concurrent Scan Root Regions
[2022-01-15T14:52:32.092-0300][gc,marking    ] GC(5) Concurrent Scan Root Regions 2,119ms
[2022-01-15T14:52:32.092-0300][gc,marking    ] GC(5) Concurrent Mark (5,051s)
[2022-01-15T14:52:32.092-0300][gc,marking    ] GC(5) Concurrent Mark From Roots
[2022-01-15T14:52:32.092-0300][gc,task       ] GC(5) Using 1 workers of 1 for marking
[2022-01-15T14:52:32.168-0300][gc,marking    ] GC(5) Concurrent Mark From Roots 76,240ms
[2022-01-15T14:52:32.168-0300][gc,marking    ] GC(5) Concurrent Preclean
[2022-01-15T14:52:32.168-0300][gc,marking    ] GC(5) Concurrent Preclean 0,142ms
[2022-01-15T14:52:32.168-0300][gc,marking    ] GC(5) Concurrent Mark (5,051s, 5,128s) 76,477ms
[2022-01-15T14:52:32.179-0300][gc,start      ] GC(5) Pause Remark
[2022-01-15T14:52:32.196-0300][gc,stringtable] GC(5) Cleaned string and symbol table, strings: 10419 processed, 12 removed, symbols: 83167 processed, 18 removed
[2022-01-15T14:52:32.197-0300][gc            ] GC(5) Pause Remark 144M->144M(1024M) 17,211ms
[2022-01-15T14:52:32.197-0300][gc,cpu        ] GC(5) User=0,02s Sys=0,00s Real=0,02s
[2022-01-15T14:52:32.197-0300][gc,marking    ] GC(5) Concurrent Rebuild Remembered Sets
[2022-01-15T14:52:32.231-0300][gc,marking    ] GC(5) Concurrent Rebuild Remembered Sets 34,531ms
[2022-01-15T14:52:32.233-0300][gc,start      ] GC(5) Pause Cleanup
[2022-01-15T14:52:32.234-0300][gc            ] GC(5) Pause Cleanup 144M->144M(1024M) 0,895ms
[2022-01-15T14:52:32.234-0300][gc,cpu        ] GC(5) User=0,00s Sys=0,00s Real=0,00s
[2022-01-15T14:52:32.238-0300][gc,marking    ] GC(5) Concurrent Cleanup for Next Mark
[2022-01-15T14:52:32.257-0300][gc,marking    ] GC(5) Concurrent Cleanup for Next Mark 19,815ms
[2022-01-15T14:52:32.257-0300][gc            ] GC(5) Concurrent Cycle 167,807ms
[2022-01-15T14:53:21.380-0300][gc,heap,exit  ] Heap
[2022-01-15T14:53:21.380-0300][gc,heap,exit  ]  garbage-first heap   total 1048576K, used 169759K [0x00000000c0000000, 0x0000000100000000)
[2022-01-15T14:53:21.380-0300][gc,heap,exit  ]   region size 1024K, 27 young (27648K), 2 survivors (2048K)
[2022-01-15T14:53:21.380-0300][gc,heap,exit  ]  Metaspace       used 37427K, capacity 39161K, committed 39296K, reserved 1083392K
[2022-01-15T14:53:21.380-0300][gc,heap,exit  ]   class space    used 4947K, capacity 5735K, committed 5760K, reserved 1048576K
